// Jest Snapshot v1, https://goo.gl/fbAQLP

exports[`Header component renders correctly should render a header 1`] = `
<header
  className="page-header "
>
  <div
    className="logo"
  >
    <a
      className="logo__link"
      href="#/"
      onClick={[Function]}
    >
      <span
        className="logo__letter logo__letter--1"
      >
        W
      </span>
      <span
        className="logo__letter logo__letter--2"
      >
        T
      </span>
      <span
        className="logo__letter logo__letter--3"
      >
        W
      </span>
    </a>
  </div>
  <div
    className="user-block"
  >
    <a
      className="user-block__link"
      onClick={[Function]}
      onKeyPress={[Function]}
      tabIndex={0}
    >
      Sign in
    </a>
  </div>
</header>
`;
