// Jest Snapshot v1, https://goo.gl/fbAQLP

exports[`Sign In component renders correctly should render Sign In 1`] = `
<div
  className="user-page"
>
  <header
    className="page-header user-page__head"
  >
    <div
      className="logo"
    >
      <a
        className="logo__link"
        href="#/"
        onClick={[Function]}
      >
        <span
          className="logo__letter logo__letter--1"
        >
          W
        </span>
        <span
          className="logo__letter logo__letter--2"
        >
          T
        </span>
        <span
          className="logo__letter logo__letter--3"
        >
          W
        </span>
      </a>
    </div>
    <div
      className="user-block"
    >
      <a
        className="user-block__link"
        onClick={[Function]}
        onKeyPress={[Function]}
        tabIndex={0}
      >
        Sign in
      </a>
    </div>
  </header>
  <div
    className="sign-in user-page__content"
  >
    <form
      action="#"
      className="sign-in__form"
      onSubmit={[Function]}
    >
      <div
        className="sign-in__fields"
      >
        <div
          className="sign-in__field"
        >
          <input
            autoComplete="username"
            className="sign-in__input"
            id="user-email"
            name="user-email"
            onChange={[Function]}
            placeholder="Email address"
            type="email"
            value=""
          />
          <label
            className="sign-in__label visually-hidden"
            htmlFor="user-email"
          >
            Email address
          </label>
        </div>
        <div
          className="sign-in__field"
        >
          <input
            autoComplete="current-password"
            className="sign-in__input"
            id="user-password"
            minLength={5}
            name="user-password"
            onChange={[Function]}
            placeholder="Password"
            type="password"
            value=""
          />
          <label
            className="sign-in__label visually-hidden"
            htmlFor="user-password"
          >
            Password
          </label>
        </div>
      </div>
      <div
        className="sign-in__submit"
      >
        <button
          className="sign-in__btn"
          type="submit"
        >
          Sign in
        </button>
      </div>
    </form>
  </div>
  <footer
    className="page-footer"
  >
    <div
      className="logo"
    >
      <a
        className="logo__link logo__link--light"
        href="#/"
        onClick={[Function]}
      >
        <span
          className="logo__letter logo__letter--1"
        >
          W
        </span>
        <span
          className="logo__letter logo__letter--2"
        >
          T
        </span>
        <span
          className="logo__letter logo__letter--3"
        >
          W
        </span>
      </a>
    </div>
    <div
      className="copyright"
    >
      <p>
        Â© 2019 What to watch Ltd.
      </p>
    </div>
  </footer>
</div>
`;
